// Jest Snapshot v1, https://goo.gl/fbAQLP

exports[`Code Component snapshot 1`] = `"<pre></pre>"`;
