// Jest Snapshot v1, https://goo.gl/fbAQLP

exports[`Hello Component snapshot 1`] = `"<h1>Hello Component</h1>"`;
