// Jest Snapshot v1, https://goo.gl/fbAQLP

exports[`Image Component snapshot 1`] = `"<img alt=\\"image\\">"`;
