// Jest Snapshot v1, https://goo.gl/fbAQLP

exports[`Index Component snapshot 1`] = `"<div><h1>Nuxt Chat</h1> <ul></ul></div>"`;
