// Jest Snapshot v1, https://goo.gl/fbAQLP

exports[`Text Component snapshot 1`] = `"<p></p>"`;
